<area shape="rect" href="$classGroupNode.html" title="This is a simple grouping node that is used to gather nodes together it implementation..." alt="" coords="5,438,120,550">
<area shape="rect" href="$classRotationAnimationNode.html" title="{RotationAnimationNode\n|&#45; angular_step_\l&#45; current_angle_\l&#45; rotation_vector_\l|+ RotationAnimationNode()\l+ ~RotationAnimationNode()\l+ update()\l+ setState()\l+ draw()\l+ unsetState()\l}" alt="" coords="144,398,328,590">
<area shape="rect" href="$classSolidSphereNode.html" title="This class is a simple parametrized glu solid sphere that can be textured." alt="" coords="352,374,504,614">
<area shape="rect" href="$classTextureNode.html" title="the glut application must be initialized before this node will work This class loads..." alt="" coords="528,382,715,606">
<area shape="rect" href="$classTranslationNode.html" title="This class is a simple parametrized open gl translation that applies to only its..." alt="" coords="739,422,880,566">
