<area shape="rect" href="$SceneGraphNode_8h.html" title="Troy Taillefer" alt="" coords="451,80,584,107">
<area shape="rect" href="$SceneGraph_8h.html" title="Troy Taillefer" alt="" coords="361,155,465,182">
<area shape="rect" href="$SceneGraphNode_8cpp.html" title="SceneGraphNode.cpp" alt="" coords="489,155,636,182">
<area shape="rect" href="$GraphRendererVisitor_8h.html" title="Troy Taillefer" alt="" coords="164,230,319,256">
<area shape="rect" href="$SceneGraphTest_8cpp.html" title="SceneGraphTest.cpp" alt="" coords="227,379,371,406">
<area shape="rect" href="$ListGraphVisitor_8h.html" title="Troy Taillefer" alt="" coords="401,230,527,256">
<area shape="rect" href="$SceneGraph_8cpp.html" title="SceneGraph.cpp" alt="" coords="551,230,668,256">
<area shape="rect" href="$GraphRenderer_8h.html" title="Troy Taillefer" alt="" coords="12,304,132,331">
<area shape="rect" href="$GraphRendererVisitor_8cpp.html" title="GraphRendererVisitor.cpp" alt="" coords="156,304,327,331">
<area shape="rect" href="$GraphRenderer_8cpp.html" title="GraphRenderer.cpp" alt="" coords="5,379,139,406">
