<area shape="rect" href="$stdafx_8h.html" title="stdafx.h" alt="" coords="672,80,739,106">
<area shape="rect" href="$SceneGraph_8h.html" title="Troy Taillefer" alt="" coords="557,229,661,256">
<area shape="rect" href="$GraphRenderer_8h.html" title="Troy Taillefer" alt="" coords="1085,80,1205,106">
<area shape="rect" href="$SolidSphereNode_8h.html" title="Troy Taillefer" alt="" coords="1803,80,1933,106">
<area shape="rect" href="$TranslationNode_8h.html" title="Troy Taillefer" alt="" coords="1653,80,1779,106">
<area shape="rect" href="$GroupNode_8h.html" title="Troy Taillefer" alt="" coords="1533,80,1629,106">
<area shape="rect" href="$TextureNode_8h.html" title="Troy Taillefer" alt="" coords="1957,80,2061,106">
<area shape="rect" href="$GlutTimer_8h.html" title="Troy Taillefer" alt="" coords="1229,80,1317,106">
<area shape="rect" href="$RotationAnimationNode_8h.html" title="Troy Taillefer" alt="" coords="1341,80,1509,106">
<area shape="rect" href="$SceneGraphNode_8h.html" title="Troy Taillefer" alt="" coords="273,304,407,330">
<area shape="rect" href="$GraphTypes_8h.html" title="Troy Taillefer" alt="" coords="157,378,259,405">
<area shape="rect" href="$GlutApplication_8h.html" title="Troy Taillefer" alt="" coords="1164,154,1284,181">
<area shape="rect" href="$GraphRendererVisitor_8h.html" title="Troy Taillefer" alt="" coords="813,154,968,181">
